SQL> @v:/trigger3.sql
SQL> CREATE OR REPLACE trigger range_dist_compare
  2  BEFORE INSERT OR UPDATE ON flights
  3  FOR EACH ROW
  4  DECLARE
  5  	     dist routes.distance % TYPE;
  6  	     range aircraft.cruisingrange % TYPE;
  7  
  8  BEGIN
  9  	     SELECT air.cruisingrange INTO range FROM aircraft air WHERE air.aid = :NEW.aid;
 10  	     SELECT rou.distance INTO dist FROM routes rou WHERE rou.routeID = :NEW.rID;
 11  
 12  	     If range < dist
 13  	     Then
 14  		     raise_application_error(-20005,'ERROR : Aircraft is valid only when cruising range of flight is more than the distance of the route taken.');
 15  	     End If;
 16  END;
 17  /

Trigger created.

SQL> 
SQL> REM The cruising range og Boeing 727 is 1504
SQL> 
SQL> REM correct insertion
SQL> INSERT INTO routes VALUES('PU100','Phoenix','Utah',1500);

1 row created.

SQL> INSERT INTO flights VALUES ('8P-2457','PU100',15);

1 row created.

SQL> 
SQL> REM Insert Violation
SQL> INSERT INTO routes VALUES('BU100','Boston','Utah',2570);

1 row created.

SQL> INSERT INTO flights VALUES ('UB-9776','BU100',15);
INSERT INTO flights VALUES ('UB-9776','BU100',15)
            *
ERROR at line 1:
ORA-20005: ERROR : Aircraft is valid only when cruising range of flight is more than the distance of the route taken. 
ORA-06512: at "SYSTEM.RANGE_DIST_COMPARE", line 11 
ORA-04088: error during execution of trigger 'SYSTEM.RANGE_DIST_COMPARE' 


SQL> 
SQL> REM update violation
SQL> UPdate flights set aid =15 WHERE rID = 'LH106';
UPdate flights set aid =15 WHERE rID = 'LH106'
       *
ERROR at line 1:
ORA-20005: ERROR : Aircraft is valid only when cruising range of flight is more than the distance of the route taken. 
ORA-06512: at "SYSTEM.RANGE_DIST_COMPARE", line 11 
ORA-04088: error during execution of trigger 'SYSTEM.RANGE_DIST_COMPARE' 


SQL> 
SQL> DROP trigger range_dist_compare

Trigger dropped.

SQL> spool off
